device: cuda  resume: False
読み込み中: /mnt/c/Users/tetsu-4no/mahjong-AI/phase2/data/features/hand_inference_v19.ndjson
総サンプル数: 206034
  50000/206034
  100000/206034
  150000/206034
  200000/206034
/home/tetsu-4no/miniconda3/envs/mahjong/lib/python3.11/site-packages/torch/nn/modules/transformer.py:379: UserWarning: enable_nested_tensor is True, but self.use_nested_tensor is False because encoder_layer.norm_first was True
  warnings.warn(
features: (206034, 3, 374), label_block: (206034, 3, 89)
ノイズ除外: 0 → 206034
train: 164827, val: 20603, test: 20604
epoch   1  train_nll=0.6992  val_eae=14.7754  val_acc=0.7332
  [thermal] GPU 85C > 65C - cooling...
  [thermal] GPU 76C
  [thermal] GPU 72C
  [thermal] GPU 70C
  [thermal] GPU 68C
  [thermal] GPU 67C
  [thermal] GPU 65C
  [thermal] cool enough, resuming
epoch   2  train_nll=0.6195  val_eae=14.2824  val_acc=0.7368
  [thermal] GPU 86C > 65C - cooling...
  [thermal] GPU 77C
  [thermal] GPU 74C
  [thermal] GPU 72C
  [thermal] GPU 70C
  [thermal] GPU 68C
  [thermal] GPU 67C
  [thermal] GPU 66C
  [thermal] GPU 64C
  [thermal] cool enough, resuming
epoch   3  train_nll=0.6067  val_eae=13.9918  val_acc=0.7391
  [thermal] GPU 86C > 65C - cooling...
  [thermal] GPU 77C
  [thermal] GPU 74C
  [thermal] GPU 72C
  [thermal] GPU 70C
  [thermal] GPU 68C
  [thermal] GPU 67C
  [thermal] GPU 66C
  [thermal] GPU 65C
  [thermal] cool enough, resuming
epoch   4  train_nll=0.5967  val_eae=13.6689  val_acc=0.7435
  [thermal] GPU 85C > 65C - cooling...
  [thermal] GPU 77C
  [thermal] GPU 74C
  [thermal] GPU 71C
  [thermal] GPU 69C
  [thermal] GPU 67C
  [thermal] GPU 66C
  [thermal] GPU 65C
  [thermal] cool enough, resuming
epoch   5  train_nll=0.5876  val_eae=13.3709  val_acc=0.7469
  [thermal] GPU 86C > 65C - cooling...
  [thermal] GPU 77C
  [thermal] GPU 73C
  [thermal] GPU 71C
  [thermal] GPU 69C
  [thermal] GPU 67C
  [thermal] GPU 66C
  [thermal] GPU 65C
  [thermal] cool enough, resuming
epoch   6  train_nll=0.5788  val_eae=13.2864  val_acc=0.7486
  [thermal] GPU 85C > 65C - cooling...
  [thermal] GPU 76C
  [thermal] GPU 73C
  [thermal] GPU 71C
  [thermal] GPU 69C
  [thermal] GPU 67C
  [thermal] GPU 66C
  [thermal] GPU 64C
  [thermal] cool enough, resuming
epoch   7  train_nll=0.5683  val_eae=12.7932  val_acc=0.7546
  [thermal] GPU 86C > 65C - cooling...
  [thermal] GPU 77C
  [thermal] GPU 74C
  [thermal] GPU 72C
  [thermal] GPU 69C
  [thermal] GPU 67C
  [thermal] GPU 66C
  [thermal] GPU 64C
  [thermal] cool enough, resuming
epoch   8  train_nll=0.5603  val_eae=12.6028  val_acc=0.7578
  [thermal] GPU 86C > 65C - cooling...
  [thermal] GPU 77C
  [thermal] GPU 73C
  [thermal] GPU 71C
  [thermal] GPU 69C
  [thermal] GPU 67C
  [thermal] GPU 66C
  [thermal] GPU 64C
  [thermal] cool enough, resuming
epoch   9  train_nll=0.5520  val_eae=12.3188  val_acc=0.7625
  [thermal] GPU 85C > 65C - cooling...
  [thermal] GPU 77C
  [thermal] GPU 73C
  [thermal] GPU 71C
  [thermal] GPU 69C
  [thermal] GPU 67C
  [thermal] GPU 66C
  [thermal] GPU 64C
  [thermal] cool enough, resuming
epoch  10  train_nll=0.5430  val_eae=11.9238  val_acc=0.7673
  [thermal] GPU 85C > 65C - cooling...
  [thermal] GPU 77C
  [thermal] GPU 74C
  [thermal] GPU 71C
  [thermal] GPU 69C
  [thermal] GPU 68C
  [thermal] GPU 66C
  [thermal] GPU 65C
  [thermal] cool enough, resuming
epoch  11  train_nll=0.5346  val_eae=11.7731  val_acc=0.7701
  [thermal] GPU 85C > 65C - cooling...
  [thermal] GPU 77C
  [thermal] GPU 73C
  [thermal] GPU 71C
  [thermal] GPU 69C
  [thermal] GPU 68C
  [thermal] GPU 67C
  [thermal] GPU 66C
  [thermal] GPU 64C
  [thermal] cool enough, resuming
epoch  12  train_nll=0.5250  val_eae=11.4755  val_acc=0.7748
  [thermal] GPU 87C > 65C - cooling...
  [thermal] GPU 77C
  [thermal] GPU 74C
  [thermal] GPU 71C
  [thermal] GPU 69C
  [thermal] GPU 67C
  [thermal] GPU 66C
  [thermal] GPU 65C
  [thermal] cool enough, resuming
epoch  13  train_nll=0.5195  val_eae=11.3035  val_acc=0.7781
  [thermal] GPU 87C > 65C - cooling...
  [thermal] GPU 77C
  [thermal] GPU 73C
  [thermal] GPU 71C
  [thermal] GPU 69C
  [thermal] GPU 67C
  [thermal] GPU 66C
  [thermal] GPU 65C
  [thermal] cool enough, resuming
epoch  14  train_nll=0.5112  val_eae=11.0003  val_acc=0.7819
  [thermal] GPU 86C > 65C - cooling...
  [thermal] GPU 77C
  [thermal] GPU 74C
  [thermal] GPU 71C
  [thermal] GPU 69C
  [thermal] GPU 68C
  [thermal] GPU 66C
  [thermal] GPU 65C
  [thermal] cool enough, resuming
epoch  15  train_nll=0.5057  val_eae=10.8140  val_acc=0.7851
  [thermal] GPU 85C > 65C - cooling...
  [thermal] GPU 77C
  [thermal] GPU 74C
  [thermal] GPU 71C
  [thermal] GPU 69C
  [thermal] GPU 67C
  [thermal] GPU 66C
  [thermal] GPU 65C
  [thermal] cool enough, resuming
epoch  16  train_nll=0.4985  val_eae=10.6800  val_acc=0.7868
  [thermal] GPU 85C > 65C - cooling...
  [thermal] GPU 77C
  [thermal] GPU 76C
  [thermal] GPU 73C
  [thermal] GPU 72C
  [thermal] GPU 71C
  [thermal] GPU 70C
  [thermal] GPU 69C
  [thermal] GPU 68C
  [thermal] GPU 67C
  [thermal] GPU 66C
  [thermal] GPU 65C
  [thermal] cool enough, resuming
epoch  17  train_nll=0.4940  val_eae=10.5242  val_acc=0.7893
  [thermal] GPU 86C > 65C - cooling...
  [thermal] GPU 77C
  [thermal] GPU 75C
  [thermal] GPU 73C
  [thermal] GPU 71C
  [thermal] GPU 71C
  [thermal] GPU 69C
  [thermal] GPU 68C
  [thermal] GPU 67C
  [thermal] GPU 66C
  [thermal] GPU 64C
  [thermal] cool enough, resuming
epoch  18  train_nll=0.4882  val_eae=10.3639  val_acc=0.7920
  [thermal] GPU 85C > 65C - cooling...
  [thermal] GPU 77C
  [thermal] GPU 73C
  [thermal] GPU 71C
  [thermal] GPU 69C
  [thermal] GPU 67C
  [thermal] GPU 66C
  [thermal] GPU 64C
  [thermal] cool enough, resuming
epoch  19  train_nll=0.4822  val_eae=10.2865  val_acc=0.7944
  [thermal] GPU 86C > 65C - cooling...
  [thermal] GPU 77C
  [thermal] GPU 73C
  [thermal] GPU 71C
  [thermal] GPU 70C
  [thermal] GPU 68C
  [thermal] GPU 66C
  [thermal] GPU 65C
  [thermal] cool enough, resuming
epoch  20  train_nll=0.4781  val_eae=10.0973  val_acc=0.7973
  [thermal] GPU 86C > 65C - cooling...
  [thermal] GPU 77C
  [thermal] GPU 73C
  [thermal] GPU 71C
  [thermal] GPU 69C
  [thermal] GPU 68C
  [thermal] GPU 67C
  [thermal] GPU 65C
  [thermal] cool enough, resuming
epoch  21  train_nll=0.4746  val_eae=9.9358  val_acc=0.7992
  [thermal] GPU 86C > 65C - cooling...
  [thermal] GPU 77C
  [thermal] GPU 74C
  [thermal] GPU 71C
  [thermal] GPU 69C
  [thermal] GPU 67C
  [thermal] GPU 66C
  [thermal] GPU 65C
  [thermal] cool enough, resuming
epoch  22  train_nll=0.4687  val_eae=9.9447  val_acc=0.8005
  [thermal] GPU 86C > 65C - cooling...
  [thermal] GPU 77C
  [thermal] GPU 74C
  [thermal] GPU 72C
  [thermal] GPU 69C
  [thermal] GPU 68C
  [thermal] GPU 66C
  [thermal] GPU 66C
  [thermal] GPU 65C
  [thermal] cool enough, resuming
epoch  23  train_nll=0.4677  val_eae=9.8324  val_acc=0.8018
  [thermal] GPU 85C > 65C - cooling...
  [thermal] GPU 77C
  [thermal] GPU 73C
  [thermal] GPU 71C
  [thermal] GPU 69C
  [thermal] GPU 68C
  [thermal] GPU 67C
  [thermal] GPU 65C
  [thermal] cool enough, resuming
epoch  24  train_nll=0.4604  val_eae=9.5500  val_acc=0.8054
  [thermal] GPU 85C > 65C - cooling...
  [thermal] GPU 77C
  [thermal] GPU 73C
  [thermal] GPU 71C
  [thermal] GPU 69C
  [thermal] GPU 67C
  [thermal] GPU 66C
  [thermal] GPU 65C
  [thermal] cool enough, resuming
epoch  25  train_nll=0.4592  val_eae=9.4804  val_acc=0.8068
  [thermal] GPU 85C > 65C - cooling...
  [thermal] GPU 77C
  [thermal] GPU 74C
  [thermal] GPU 71C
  [thermal] GPU 69C
  [thermal] GPU 68C
  [thermal] GPU 66C
  [thermal] GPU 65C
  [thermal] cool enough, resuming
epoch  26  train_nll=0.4546  val_eae=9.5207  val_acc=0.8070
  [thermal] GPU 85C > 65C - cooling...
  [thermal] GPU 77C
  [thermal] GPU 74C
  [thermal] GPU 72C
  [thermal] GPU 69C
  [thermal] GPU 68C
  [thermal] GPU 66C
  [thermal] GPU 65C
  [thermal] cool enough, resuming
epoch  27  train_nll=0.4520  val_eae=9.3760  val_acc=0.8084
  [thermal] GPU 86C > 65C - cooling...
  [thermal] GPU 77C
  [thermal] GPU 74C
  [thermal] GPU 71C
  [thermal] GPU 69C
  [thermal] GPU 68C
  [thermal] GPU 67C
  [thermal] GPU 65C
  [thermal] cool enough, resuming
epoch  28  train_nll=0.4484  val_eae=9.0544  val_acc=0.8126
  [thermal] GPU 86C > 65C - cooling...
  [thermal] GPU 77C
  [thermal] GPU 74C
  [thermal] GPU 71C
  [thermal] GPU 69C
  [thermal] GPU 68C
  [thermal] GPU 66C
  [thermal] GPU 65C
  [thermal] cool enough, resuming
epoch  29  train_nll=0.4434  val_eae=9.0675  val_acc=0.8140
  [thermal] GPU 86C > 65C - cooling...
  [thermal] GPU 77C
  [thermal] GPU 74C
  [thermal] GPU 73C
  [thermal] GPU 70C
  [thermal] GPU 68C
  [thermal] GPU 67C
  [thermal] GPU 66C
  [thermal] GPU 64C
  [thermal] cool enough, resuming
epoch  30  train_nll=0.4414  val_eae=8.9560  val_acc=0.8149
  [thermal] GPU 86C > 65C - cooling...
  [thermal] GPU 77C
  [thermal] GPU 74C
  [thermal] GPU 71C
  [thermal] GPU 69C
  [thermal] GPU 68C
  [thermal] GPU 66C
  [thermal] GPU 65C
  [thermal] cool enough, resuming
epoch  31  train_nll=0.4388  val_eae=8.9322  val_acc=0.8174
  [thermal] GPU 87C > 65C - cooling...
  [thermal] GPU 77C
  [thermal] GPU 74C
  [thermal] GPU 72C
  [thermal] GPU 71C
  [thermal] GPU 69C
  [thermal] GPU 67C
  [thermal] GPU 66C
  [thermal] GPU 65C
  [thermal] cool enough, resuming
epoch  32  train_nll=0.4352  val_eae=9.0803  val_acc=0.8149
  [thermal] GPU 85C > 65C - cooling...
  [thermal] GPU 77C
  [thermal] GPU 73C
  [thermal] GPU 71C
  [thermal] GPU 69C
  [thermal] GPU 67C
  [thermal] GPU 66C
  [thermal] GPU 64C
  [thermal] cool enough, resuming
epoch  33  train_nll=0.4365  val_eae=8.9342  val_acc=0.8163
  [thermal] GPU 87C > 65C - cooling...
  [thermal] GPU 77C
  [thermal] GPU 74C
  [thermal] GPU 71C
  [thermal] GPU 70C
  [thermal] GPU 70C
  [thermal] GPU 69C
  [thermal] GPU 68C
  [thermal] GPU 66C
  [thermal] GPU 65C
  [thermal] cool enough, resuming
epoch  34  train_nll=0.4318  val_eae=8.8615  val_acc=0.8168
  [thermal] GPU 86C > 65C - cooling...
  [thermal] GPU 77C
  [thermal] GPU 74C
  [thermal] GPU 71C
  [thermal] GPU 69C
  [thermal] GPU 68C
  [thermal] GPU 66C
  [thermal] GPU 65C
  [thermal] cool enough, resuming
epoch  35  train_nll=0.4306  val_eae=8.8246  val_acc=0.8183
  [thermal] GPU 85C > 65C - cooling...
  [thermal] GPU 77C
  [thermal] GPU 74C
  [thermal] GPU 71C
  [thermal] GPU 70C
  [thermal] GPU 68C
  [thermal] GPU 66C
  [thermal] GPU 65C
  [thermal] cool enough, resuming
epoch  36  train_nll=0.4294  val_eae=8.6821  val_acc=0.8212
  [thermal] GPU 85C > 65C - cooling...
  [thermal] GPU 77C
  [thermal] GPU 74C
  [thermal] GPU 72C
  [thermal] GPU 70C
  [thermal] GPU 68C
  [thermal] GPU 67C
  [thermal] GPU 65C
  [thermal] cool enough, resuming
epoch  37  train_nll=0.4260  val_eae=8.5100  val_acc=0.8217
  [thermal] GPU 86C > 65C - cooling...
  [thermal] GPU 77C
  [thermal] GPU 74C
  [thermal] GPU 71C
  [thermal] GPU 69C
  [thermal] GPU 67C
  [thermal] GPU 66C
  [thermal] GPU 64C
  [thermal] cool enough, resuming
epoch  38  train_nll=0.4231  val_eae=8.3218  val_acc=0.8235
  [thermal] GPU 85C > 65C - cooling...
  [thermal] GPU 77C
  [thermal] GPU 74C
  [thermal] GPU 71C
  [thermal] GPU 69C
  [thermal] GPU 67C
  [thermal] GPU 66C
  [thermal] GPU 64C
  [thermal] cool enough, resuming
epoch  39  train_nll=0.4198  val_eae=8.4070  val_acc=0.8248
  [thermal] GPU 85C > 65C - cooling...
  [thermal] GPU 77C
  [thermal] GPU 74C
  [thermal] GPU 72C
  [thermal] GPU 70C
  [thermal] GPU 68C
  [thermal] GPU 66C
  [thermal] GPU 65C
  [thermal] cool enough, resuming
epoch  40  train_nll=0.4184  val_eae=8.3096  val_acc=0.8265
  [thermal] GPU 86C > 65C - cooling...
  [thermal] GPU 77C
  [thermal] GPU 74C
  [thermal] GPU 71C
  [thermal] GPU 69C
  [thermal] GPU 67C
  [thermal] GPU 66C
  [thermal] GPU 65C
  [thermal] cool enough, resuming
epoch  41  train_nll=0.4183  val_eae=8.4070  val_acc=0.8242
  [thermal] GPU 85C > 65C - cooling...
  [thermal] GPU 77C
  [thermal] GPU 74C
  [thermal] GPU 72C
  [thermal] GPU 70C
  [thermal] GPU 68C
  [thermal] GPU 67C
  [thermal] GPU 65C
  [thermal] cool enough, resuming
epoch  42  train_nll=0.4151  val_eae=8.2712  val_acc=0.8256
  [thermal] GPU 86C > 65C - cooling...
  [thermal] GPU 77C
  [thermal] GPU 74C
  [thermal] GPU 71C
  [thermal] GPU 69C
  [thermal] GPU 68C
  [thermal] GPU 66C
  [thermal] GPU 65C
  [thermal] cool enough, resuming
epoch  43  train_nll=0.4130  val_eae=8.2188  val_acc=0.8271
  [thermal] GPU 86C > 65C - cooling...
  [thermal] GPU 77C
  [thermal] GPU 74C
  [thermal] GPU 71C
  [thermal] GPU 69C
  [thermal] GPU 67C
  [thermal] GPU 66C
  [thermal] GPU 65C
  [thermal] cool enough, resuming
epoch  44  train_nll=0.4109  val_eae=8.2546  val_acc=0.8272
  [thermal] GPU 85C > 65C - cooling...
  [thermal] GPU 77C
  [thermal] GPU 74C
  [thermal] GPU 71C
  [thermal] GPU 69C
  [thermal] GPU 68C
  [thermal] GPU 66C
  [thermal] GPU 66C
  [thermal] GPU 64C
  [thermal] cool enough, resuming
epoch  45  train_nll=0.4095  val_eae=7.8985  val_acc=0.8295
  [thermal] GPU 86C > 65C - cooling...
  [thermal] GPU 77C
  [thermal] GPU 74C
  [thermal] GPU 71C
  [thermal] GPU 69C
  [thermal] GPU 68C
  [thermal] GPU 66C
  [thermal] GPU 65C
  [thermal] cool enough, resuming
epoch  46  train_nll=0.4070  val_eae=8.0423  val_acc=0.8308
  [thermal] GPU 86C > 65C - cooling...
  [thermal] GPU 77C
  [thermal] GPU 74C
  [thermal] GPU 71C
  [thermal] GPU 69C
  [thermal] GPU 68C
  [thermal] GPU 66C
  [thermal] GPU 65C
  [thermal] cool enough, resuming
epoch  47  train_nll=0.4087  val_eae=8.0573  val_acc=0.8306
  [thermal] GPU 87C > 65C - cooling...
  [thermal] GPU 77C
  [thermal] GPU 75C
  [thermal] GPU 72C
  [thermal] GPU 70C
  [thermal] GPU 68C
  [thermal] GPU 66C
  [thermal] GPU 65C
  [thermal] cool enough, resuming
epoch  48  train_nll=0.4057  val_eae=7.9700  val_acc=0.8321
  [thermal] GPU 85C > 65C - cooling...
  [thermal] GPU 77C
  [thermal] GPU 74C
  [thermal] GPU 72C
  [thermal] GPU 70C
  [thermal] GPU 68C
  [thermal] GPU 66C
  [thermal] GPU 65C
  [thermal] cool enough, resuming
epoch  49  train_nll=0.4030  val_eae=8.1523  val_acc=0.8315
  [thermal] GPU 86C > 65C - cooling...
  [thermal] GPU 77C
  [thermal] GPU 74C
  [thermal] GPU 71C
  [thermal] GPU 69C
  [thermal] GPU 68C
  [thermal] GPU 66C
  [thermal] GPU 65C
  [thermal] cool enough, resuming
epoch  50  train_nll=0.3853  val_eae=7.4257  val_acc=0.8402
  [thermal] GPU 86C > 65C - cooling...
  [thermal] GPU 77C
  [thermal] GPU 74C
  [thermal] GPU 71C
  [thermal] GPU 69C
  [thermal] GPU 67C
  [thermal] GPU 66C
  [thermal] GPU 65C
  [thermal] cool enough, resuming
epoch  51  train_nll=0.3778  val_eae=7.2879  val_acc=0.8421
  [thermal] GPU 87C > 65C - cooling...
  [thermal] GPU 77C
  [thermal] GPU 74C
  [thermal] GPU 71C
  [thermal] GPU 69C
  [thermal] GPU 68C
  [thermal] GPU 66C
  [thermal] GPU 65C
  [thermal] cool enough, resuming
epoch  52  train_nll=0.3745  val_eae=7.2029  val_acc=0.8430
  [thermal] GPU 86C > 65C - cooling...
  [thermal] GPU 77C
  [thermal] GPU 74C
  [thermal] GPU 71C
  [thermal] GPU 69C
  [thermal] GPU 67C
  [thermal] GPU 66C
  [thermal] GPU 65C
  [thermal] cool enough, resuming
epoch  53  train_nll=0.3724  val_eae=7.2062  val_acc=0.8437
  [thermal] GPU 86C > 65C - cooling...
  [thermal] GPU 77C
  [thermal] GPU 73C
  [thermal] GPU 71C
  [thermal] GPU 69C
  [thermal] GPU 67C
  [thermal] GPU 66C
  [thermal] GPU 65C
  [thermal] cool enough, resuming
epoch  54  train_nll=0.3707  val_eae=7.1289  val_acc=0.8444
  [thermal] GPU 85C > 65C - cooling...
  [thermal] GPU 77C
  [thermal] GPU 74C
  [thermal] GPU 72C
  [thermal] GPU 69C
  [thermal] GPU 67C
  [thermal] GPU 66C
  [thermal] GPU 64C
  [thermal] cool enough, resuming
epoch  55  train_nll=0.3696  val_eae=7.1047  val_acc=0.8447
  [thermal] GPU 85C > 65C - cooling...
  [thermal] GPU 77C
  [thermal] GPU 74C
  [thermal] GPU 71C
  [thermal] GPU 69C
  [thermal] GPU 67C
  [thermal] GPU 66C
  [thermal] GPU 65C
  [thermal] cool enough, resuming
epoch  56  train_nll=0.3683  val_eae=7.0839  val_acc=0.8452
  [thermal] GPU 85C > 65C - cooling...
  [thermal] GPU 77C
  [thermal] GPU 74C
  [thermal] GPU 71C
  [thermal] GPU 69C
  [thermal] GPU 68C
  [thermal] GPU 66C
  [thermal] GPU 65C
  [thermal] cool enough, resuming
epoch  57  train_nll=0.3674  val_eae=6.9989  val_acc=0.8458
  [thermal] GPU 87C > 65C - cooling...
  [thermal] GPU 77C
  [thermal] GPU 74C
  [thermal] GPU 72C
  [thermal] GPU 69C
  [thermal] GPU 68C
  [thermal] GPU 66C
  [thermal] GPU 65C
  [thermal] cool enough, resuming
epoch  58  train_nll=0.3664  val_eae=7.0110  val_acc=0.8460
  [thermal] GPU 86C > 65C - cooling...
  [thermal] GPU 77C
  [thermal] GPU 73C
  [thermal] GPU 71C
  [thermal] GPU 69C
  [thermal] GPU 68C
  [thermal] GPU 66C
  [thermal] GPU 65C
  [thermal] cool enough, resuming
epoch  59  train_nll=0.3658  val_eae=7.0141  val_acc=0.8464
  [thermal] GPU 86C > 65C - cooling...
  [thermal] GPU 77C
  [thermal] GPU 74C
  [thermal] GPU 71C
  [thermal] GPU 69C
  [thermal] GPU 68C
  [thermal] GPU 66C
  [thermal] GPU 65C
  [thermal] cool enough, resuming
epoch  60  train_nll=0.3648  val_eae=6.9380  val_acc=0.8469
  [thermal] GPU 86C > 65C - cooling...
  [thermal] GPU 77C
  [thermal] GPU 74C
  [thermal] GPU 71C
  [thermal] GPU 69C
  [thermal] GPU 68C
  [thermal] GPU 67C
  [thermal] GPU 65C
  [thermal] cool enough, resuming
epoch  61  train_nll=0.3641  val_eae=6.9820  val_acc=0.8468
  [thermal] GPU 85C > 65C - cooling...
  [thermal] GPU 77C
  [thermal] GPU 74C
  [thermal] GPU 71C
  [thermal] GPU 70C
  [thermal] GPU 68C
  [thermal] GPU 66C
  [thermal] GPU 65C
  [thermal] cool enough, resuming
epoch  62  train_nll=0.3636  val_eae=6.9104  val_acc=0.8474
  [thermal] GPU 86C > 65C - cooling...
  [thermal] GPU 77C
  [thermal] GPU 74C
  [thermal] GPU 71C
  [thermal] GPU 69C
  [thermal] GPU 68C
  [thermal] GPU 66C
  [thermal] GPU 65C
  [thermal] cool enough, resuming
epoch  63  train_nll=0.3630  val_eae=6.9360  val_acc=0.8474
  [thermal] GPU 85C > 65C - cooling...
  [thermal] GPU 77C
  [thermal] GPU 73C
  [thermal] GPU 71C
  [thermal] GPU 69C
  [thermal] GPU 67C
  [thermal] GPU 66C
  [thermal] GPU 66C
  [thermal] GPU 64C
  [thermal] cool enough, resuming
epoch  64  train_nll=0.3624  val_eae=6.8871  val_acc=0.8479
  [thermal] GPU 86C > 65C - cooling...
  [thermal] GPU 77C
  [thermal] GPU 74C
  [thermal] GPU 71C
  [thermal] GPU 69C
  [thermal] GPU 67C
  [thermal] GPU 66C
  [thermal] GPU 64C
  [thermal] cool enough, resuming
epoch  65  train_nll=0.3619  val_eae=6.8453  val_acc=0.8483
  [thermal] GPU 85C > 65C - cooling...
  [thermal] GPU 77C
  [thermal] GPU 74C
  [thermal] GPU 71C
  [thermal] GPU 69C
  [thermal] GPU 67C
  [thermal] GPU 66C
  [thermal] GPU 65C
  [thermal] cool enough, resuming
epoch  66  train_nll=0.3613  val_eae=6.8950  val_acc=0.8482
  [thermal] GPU 87C > 65C - cooling...
  [thermal] GPU 77C
  [thermal] GPU 74C
  [thermal] GPU 71C
  [thermal] GPU 69C
  [thermal] GPU 67C
  [thermal] GPU 66C
  [thermal] GPU 65C
  [thermal] cool enough, resuming
epoch  67  train_nll=0.3608  val_eae=6.8645  val_acc=0.8485
  [thermal] GPU 85C > 65C - cooling...
  [thermal] GPU 77C
  [thermal] GPU 74C
  [thermal] GPU 72C
  [thermal] GPU 70C
  [thermal] GPU 68C
  [thermal] GPU 67C
  [thermal] GPU 65C
  [thermal] cool enough, resuming
epoch  68  train_nll=0.3604  val_eae=6.8601  val_acc=0.8486
  [thermal] GPU 85C > 65C - cooling...
  [thermal] GPU 77C
  [thermal] GPU 74C
  [thermal] GPU 71C
  [thermal] GPU 69C
  [thermal] GPU 68C
  [thermal] GPU 66C
  [thermal] GPU 65C
  [thermal] cool enough, resuming
epoch  69  train_nll=0.3597  val_eae=6.8214  val_acc=0.8491
  [thermal] GPU 85C > 65C - cooling...
  [thermal] GPU 77C
  [thermal] GPU 74C
  [thermal] GPU 71C
  [thermal] GPU 69C
  [thermal] GPU 68C
  [thermal] GPU 67C
  [thermal] GPU 66C
  [thermal] GPU 64C
  [thermal] cool enough, resuming
epoch  70  train_nll=0.3593  val_eae=6.8269  val_acc=0.8492
  [thermal] GPU 85C > 65C - cooling...
  [thermal] GPU 77C
  [thermal] GPU 73C
  [thermal] GPU 71C
  [thermal] GPU 69C
  [thermal] GPU 67C
  [thermal] GPU 66C
  [thermal] GPU 65C
  [thermal] cool enough, resuming
epoch  71  train_nll=0.3590  val_eae=6.7778  val_acc=0.8493
  [thermal] GPU 87C > 65C - cooling...
  [thermal] GPU 77C
  [thermal] GPU 74C
  [thermal] GPU 71C
  [thermal] GPU 69C
  [thermal] GPU 68C
  [thermal] GPU 66C
  [thermal] GPU 65C
  [thermal] cool enough, resuming
epoch  72  train_nll=0.3583  val_eae=6.8535  val_acc=0.8492
  [thermal] GPU 85C > 65C - cooling...
  [thermal] GPU 77C
  [thermal] GPU 74C
  [thermal] GPU 71C
  [thermal] GPU 69C
  [thermal] GPU 68C
  [thermal] GPU 66C
  [thermal] GPU 65C
  [thermal] cool enough, resuming
epoch  73  train_nll=0.3580  val_eae=6.7921  val_acc=0.8496
  [thermal] GPU 86C > 65C - cooling...
  [thermal] GPU 77C
  [thermal] GPU 74C
  [thermal] GPU 72C
  [thermal] GPU 70C
  [thermal] GPU 68C
  [thermal] GPU 67C
  [thermal] GPU 65C
  [thermal] cool enough, resuming
epoch  74  train_nll=0.3577  val_eae=6.8037  val_acc=0.8498
  [thermal] GPU 85C > 65C - cooling...
  [thermal] GPU 77C
  [thermal] GPU 74C
  [thermal] GPU 72C
  [thermal] GPU 70C
  [thermal] GPU 69C
  [thermal] GPU 67C
  [thermal] GPU 66C
  [thermal] GPU 64C
  [thermal] cool enough, resuming
epoch  75  train_nll=0.3573  val_eae=6.8032  val_acc=0.8499
  [thermal] GPU 85C > 65C - cooling...
  [thermal] GPU 77C
  [thermal] GPU 74C
  [thermal] GPU 71C
  [thermal] GPU 69C
  [thermal] GPU 67C
  [thermal] GPU 66C
  [thermal] GPU 65C
  [thermal] cool enough, resuming
epoch  76  train_nll=0.3555  val_eae=6.7267  val_acc=0.8505
  [thermal] GPU 87C > 65C - cooling...
  [thermal] GPU 77C
  [thermal] GPU 74C
  [thermal] GPU 72C
  [thermal] GPU 69C
  [thermal] GPU 68C
  [thermal] GPU 67C
  [thermal] GPU 65C
  [thermal] cool enough, resuming
epoch  77  train_nll=0.3549  val_eae=6.7235  val_acc=0.8505
  [thermal] GPU 86C > 65C - cooling...
  [thermal] GPU 77C
  [thermal] GPU 74C
  [thermal] GPU 71C
  [thermal] GPU 69C
  [thermal] GPU 68C
  [thermal] GPU 67C
  [thermal] GPU 65C
  [thermal] cool enough, resuming
epoch  78  train_nll=0.3549  val_eae=6.7379  val_acc=0.8506
  [thermal] GPU 86C > 65C - cooling...
  [thermal] GPU 77C
  [thermal] GPU 74C
  [thermal] GPU 71C
  [thermal] GPU 69C
  [thermal] GPU 68C
  [thermal] GPU 66C
  [thermal] GPU 65C
  [thermal] cool enough, resuming
epoch  79  train_nll=0.3546  val_eae=6.7458  val_acc=0.8505
  [thermal] GPU 86C > 65C - cooling...
  [thermal] GPU 77C
  [thermal] GPU 74C
  [thermal] GPU 71C
  [thermal] GPU 69C
  [thermal] GPU 68C
  [thermal] GPU 67C
  [thermal] GPU 65C
  [thermal] cool enough, resuming
epoch  80  train_nll=0.3543  val_eae=6.7237  val_acc=0.8506
  [thermal] GPU 85C > 65C - cooling...
  [thermal] GPU 77C
  [thermal] GPU 74C
  [thermal] GPU 71C
  [thermal] GPU 69C
  [thermal] GPU 67C
  [thermal] GPU 66C
  [thermal] GPU 65C
  [thermal] cool enough, resuming
epoch  81  train_nll=0.3544  val_eae=6.7247  val_acc=0.8507
  [thermal] GPU 85C > 65C - cooling...
  [thermal] GPU 77C
  [thermal] GPU 74C
  [thermal] GPU 71C
  [thermal] GPU 69C
  [thermal] GPU 68C
  [thermal] GPU 66C
  [thermal] GPU 65C
  [thermal] cool enough, resuming
epoch  82  train_nll=0.3541  val_eae=6.7050  val_acc=0.8508
  [thermal] GPU 86C > 65C - cooling...
  [thermal] GPU 78C
  [thermal] GPU 74C
  [thermal] GPU 72C
  [thermal] GPU 70C
  [thermal] GPU 68C
  [thermal] GPU 66C
  [thermal] GPU 66C
  [thermal] GPU 65C
  [thermal] cool enough, resuming
epoch  83  train_nll=0.3542  val_eae=6.7369  val_acc=0.8506
  [thermal] GPU 86C > 65C - cooling...
  [thermal] GPU 77C
  [thermal] GPU 74C
  [thermal] GPU 71C
  [thermal] GPU 69C
  [thermal] GPU 68C
  [thermal] GPU 66C
  [thermal] GPU 65C
  [thermal] cool enough, resuming
epoch  84  train_nll=0.3542  val_eae=6.7077  val_acc=0.8508
  [thermal] GPU 87C > 65C - cooling...
  [thermal] GPU 77C
  [thermal] GPU 74C
  [thermal] GPU 71C
  [thermal] GPU 69C
  [thermal] GPU 67C
  [thermal] GPU 66C
  [thermal] GPU 65C
  [thermal] cool enough, resuming
epoch  85  train_nll=0.3542  val_eae=6.7222  val_acc=0.8507
  [thermal] GPU 86C > 65C - cooling...
  [thermal] GPU 77C
  [thermal] GPU 74C
  [thermal] GPU 71C
  [thermal] GPU 69C
  [thermal] GPU 68C
  [thermal] GPU 66C
  [thermal] GPU 65C
  [thermal] cool enough, resuming
epoch  86  train_nll=0.3541  val_eae=6.7082  val_acc=0.8508
  [thermal] GPU 87C > 65C - cooling...
  [thermal] GPU 77C
  [thermal] GPU 74C
  [thermal] GPU 71C
  [thermal] GPU 69C
  [thermal] GPU 68C
  [thermal] GPU 66C
  [thermal] GPU 65C
  [thermal] cool enough, resuming
epoch  87  train_nll=0.3540  val_eae=6.7286  val_acc=0.8507
  [thermal] GPU 85C > 65C - cooling...
  [thermal] GPU 77C
  [thermal] GPU 74C
  [thermal] GPU 71C
  [thermal] GPU 70C
  [thermal] GPU 68C
  [thermal] GPU 66C
  [thermal] GPU 65C
  [thermal] cool enough, resuming
epoch  88  train_nll=0.3541  val_eae=6.7141  val_acc=0.8508
  [thermal] GPU 87C > 65C - cooling...
  [thermal] GPU 77C
  [thermal] GPU 74C
  [thermal] GPU 71C
  [thermal] GPU 69C
  [thermal] GPU 68C
  [thermal] GPU 66C
  [thermal] GPU 65C
  [thermal] cool enough, resuming
epoch  89  train_nll=0.3541  val_eae=6.7159  val_acc=0.8508
  [thermal] GPU 86C > 65C - cooling...
  [thermal] GPU 77C
  [thermal] GPU 74C
  [thermal] GPU 72C
  [thermal] GPU 70C
  [thermal] GPU 68C
  [thermal] GPU 67C
  [thermal] GPU 66C
  [thermal] GPU 65C
  [thermal] cool enough, resuming
/mnt/c/Users/tetsu-4no/mahjong-AI/phase2/train/train_hand_inference_v19.py:562: FutureWarning: You are using `torch.load` with `weights_only=False` (the current default value), which uses the default pickle module implicitly. It is possible to construct malicious pickle data which will execute arbitrary code during unpickling (See https://github.com/pytorch/pytorch/blob/main/SECURITY.md#untrusted-models for more details). In a future release, the default value for `weights_only` will be flipped to `True`. This limits the functions that could be executed during unpickling. Arbitrary objects will no longer be allowed to be loaded via this mode unless they are explicitly allowlisted by the user via `torch.serialization.add_safe_globals`. We recommend you start setting `weights_only=True` for any use case where you don't have full control of the loaded file. Please open an issue on GitHub for any issues related to this experimental feature.
  model.load_state_dict(torch.load(MODEL_DIR / "model.pt", map_location=device))
early stopping
test_eae=6.6973  test_acc=0.8509

詳細評価指標:
  weighted_eae: 6.6973
  recall_nonzero: 0.7533
  precision_nonzero: 0.7166
  f1_nonzero: 0.7345
  hand_exact_acc: 0.2372
  pred_total_mae: 0.0
  block_f1: 0.2746
  block_precision: 0.5393
  block_recall: 0.1842
モデル保存: /mnt/c/Users/tetsu-4no/mahjong-AI/phase2/models/hand_inference/v19
