device: cuda  resume: True
読み込み中: /mnt/c/Users/tetsu-4no/mahjong-AI/phase2/data/features/hand_inference_v26.ndjson
総サンプル数: 205696
  50000/205696
  100000/205696
  150000/205696
  200000/205696
/home/tetsu-4no/miniconda3/envs/mahjong/lib/python3.11/site-packages/torch/nn/modules/transformer.py:379: UserWarning: enable_nested_tensor is True, but self.use_nested_tensor is False because encoder_layer.norm_first was True
  warnings.warn(
label_noise=True: 1839 (0.9%)
label_retreat=True: 6746 (3.28%)
block pos_rate=0.0240  pos_weight=10.00
wait  pos_rate≈0.020  pos_weight=10.00
retreat pos_rate=0.0328  pos_weight=10.00
空サンプル除外: 0 → 205696
train: 164556, val: 20569, test: 20571
resume: epoch 48  best_val_eae=5.7453  best_wait_f1=0.3951  patience_cnt=0 (LR reset)
epoch  48  nll=0.2541  val_eae=6.0448  val_acc=0.8513  wait_f1=0.3711  hit=0.8435  top1=0.5116
  [thermal] GPU 80C > 78C - cooling...
  [thermal] GPU 75C
  [thermal] cool enough, resuming
epoch  49  nll=0.2566  val_eae=6.2012  val_acc=0.8502  wait_f1=0.3759  hit=0.8427  top1=0.5292
  [thermal] GPU 82C > 78C - cooling...
  [thermal] GPU 77C
  [thermal] cool enough, resuming
epoch  50  nll=0.2583  val_eae=6.2762  val_acc=0.8498  wait_f1=0.3701  hit=0.8454  top1=0.5261
  [thermal] GPU 82C > 78C - cooling...
  [thermal] GPU 76C
  [thermal] cool enough, resuming
epoch  51  nll=0.2589  val_eae=6.2217  val_acc=0.8494  wait_f1=0.3737  hit=0.8468  top1=0.5261
  [thermal] GPU 83C > 78C - cooling...
  [thermal] GPU 78C
  [thermal] cool enough, resuming
epoch  52  nll=0.2606  val_eae=6.2643  val_acc=0.8492  wait_f1=0.3702  hit=0.8408  top1=0.5240
  [thermal] GPU 80C > 78C - cooling...
  [thermal] GPU 75C
  [thermal] cool enough, resuming
epoch  53  nll=0.2606  val_eae=6.2922  val_acc=0.8496  wait_f1=0.3794  hit=0.8404  top1=0.5249
  [thermal] GPU 82C > 78C - cooling...
  [thermal] GPU 77C
  [thermal] cool enough, resuming
epoch  54  nll=0.2529  val_eae=6.0577  val_acc=0.8523  wait_f1=0.3934  hit=0.8475  top1=0.5509
  [thermal] GPU 82C > 78C - cooling...
  [thermal] GPU 77C
  [thermal] cool enough, resuming
epoch  55  nll=0.2488  val_eae=6.0267  val_acc=0.8529  wait_f1=0.3927  hit=0.8495  top1=0.5588
  [thermal] GPU 81C > 78C - cooling...
  [thermal] GPU 77C
  [thermal] cool enough, resuming
epoch  56  nll=0.2470  val_eae=5.9862  val_acc=0.8534  wait_f1=0.3948  hit=0.8522  top1=0.5627
  [thermal] GPU 82C > 78C - cooling...
  [thermal] GPU 77C
  [thermal] cool enough, resuming
epoch  57  nll=0.2457  val_eae=5.9631  val_acc=0.8537  wait_f1=0.3952  hit=0.8514  top1=0.5628
  [thermal] GPU 81C > 78C - cooling...
  [thermal] GPU 77C
  [thermal] cool enough, resuming
early stopping

[model.pt (best val_eae)]
  test_eae=5.7042  test_acc=0.8575
  wait_f1: 0.4009
  wait_prec: 0.2875
  wait_recall: 0.8309
  wait_hit_rate: 0.851
  wait_top1_acc: 0.5656
  n_tenpai: 5274

[model_best_wait.pt (best wait_f1)]
  wait_f1: 0.4009
  wait_prec: 0.2875
  wait_recall: 0.8309
  wait_hit_rate: 0.851
  wait_top1_acc: 0.5656
  n_tenpai: 5274

ONNX保存: /mnt/c/Users/tetsu-4no/mahjong-AI/phase2/models/hand_inference/v33/model.onnx
wait_logits shape: (1, 3, 113)
